2026-06-14 00:41:45.789 +05:30 [INF] ReleaseExpiredEventBookingAsync job started at "2026-06-13T19:11:45.7891350Z". Cutoff time is "2026-06-13T19:06:45.7891350Z".
2026-06-14 00:41:46.233 +05:30 [INF] Expiring Booking ID 47 for Attendee 215.
2026-06-14 00:41:46.354 +05:30 [INF] Expiring Booking ID 63 for Attendee 297.
2026-06-14 00:41:46.361 +05:30 [INF] ReleaseExpiredEventBookingAsync job completed. Total bookings expired: 2.
2026-06-14 00:41:46.362 +05:30 [INF] ReleaseExpiredEventCreationAsync job started at "2026-06-13T19:11:46.3624630Z". Cutoff time is "2026-06-13T19:06:46.3624630Z".
2026-06-14 00:41:46.373 +05:30 [INF] ReleaseExpiredEventCreationAsync job completed. Total events expired: 0.
2026-06-14 00:42:46.442 +05:30 [INF] ReleaseExpiredEventBookingAsync job started at "2026-06-13T19:12:46.4428760Z". Cutoff time is "2026-06-13T19:07:46.4428750Z".
2026-06-14 00:42:46.452 +05:30 [INF] ReleaseExpiredEventBookingAsync job completed. Total bookings expired: 0.
2026-06-14 00:42:46.452 +05:30 [INF] ReleaseExpiredEventCreationAsync job started at "2026-06-13T19:12:46.4524530Z". Cutoff time is "2026-06-13T19:07:46.4524520Z".
2026-06-14 00:42:46.457 +05:30 [INF] ReleaseExpiredEventCreationAsync job completed. Total events expired: 0.
2026-06-14 00:43:46.502 +05:30 [INF] ReleaseExpiredEventBookingAsync job started at "2026-06-13T19:13:46.5025340Z". Cutoff time is "2026-06-13T19:08:46.5025260Z".
2026-06-14 00:43:46.515 +05:30 [INF] ReleaseExpiredEventBookingAsync job completed. Total bookings expired: 0.
2026-06-14 00:43:46.515 +05:30 [INF] ReleaseExpiredEventCreationAsync job started at "2026-06-13T19:13:46.5157140Z". Cutoff time is "2026-06-13T19:08:46.5157130Z".
2026-06-14 00:43:46.523 +05:30 [INF] ReleaseExpiredEventCreationAsync job completed. Total events expired: 0.
2026-06-14 00:44:46.535 +05:30 [INF] ReleaseExpiredEventBookingAsync job started at "2026-06-13T19:14:46.5356410Z". Cutoff time is "2026-06-13T19:09:46.5356310Z".
2026-06-14 00:44:46.550 +05:30 [INF] ReleaseExpiredEventBookingAsync job completed. Total bookings expired: 0.
2026-06-14 00:44:46.550 +05:30 [INF] ReleaseExpiredEventCreationAsync job started at "2026-06-13T19:14:46.5505720Z". Cutoff time is "2026-06-13T19:09:46.5505710Z".
2026-06-14 00:44:46.558 +05:30 [INF] ReleaseExpiredEventCreationAsync job completed. Total events expired: 0.
2026-06-14 00:45:46.559 +05:30 [INF] ReleaseExpiredEventBookingAsync job started at "2026-06-13T19:15:46.5598320Z". Cutoff time is "2026-06-13T19:10:46.5598200Z".
2026-06-14 00:45:46.576 +05:30 [INF] ReleaseExpiredEventBookingAsync job completed. Total bookings expired: 0.
2026-06-14 00:45:46.576 +05:30 [INF] ReleaseExpiredEventCreationAsync job started at "2026-06-13T19:15:46.5769010Z". Cutoff time is "2026-06-13T19:10:46.5768990Z".
2026-06-14 00:45:46.584 +05:30 [INF] ReleaseExpiredEventCreationAsync job completed. Total events expired: 0.
2026-06-14 00:46:46.586 +05:30 [INF] ReleaseExpiredEventBookingAsync job started at "2026-06-13T19:16:46.5865440Z". Cutoff time is "2026-06-13T19:11:46.5865370Z".
2026-06-14 00:46:46.627 +05:30 [INF] ReleaseExpiredEventBookingAsync job completed. Total bookings expired: 0.
2026-06-14 00:46:46.628 +05:30 [INF] ReleaseExpiredEventCreationAsync job started at "2026-06-13T19:16:46.6284440Z". Cutoff time is "2026-06-13T19:11:46.6284430Z".
2026-06-14 00:46:46.639 +05:30 [INF] ReleaseExpiredEventCreationAsync job completed. Total events expired: 0.
2026-06-14 00:47:46.651 +05:30 [INF] ReleaseExpiredEventBookingAsync job started at "2026-06-13T19:17:46.6514210Z". Cutoff time is "2026-06-13T19:12:46.6513950Z".
2026-06-14 00:47:46.671 +05:30 [INF] ReleaseExpiredEventBookingAsync job completed. Total bookings expired: 0.
2026-06-14 00:47:46.675 +05:30 [INF] ReleaseExpiredEventCreationAsync job started at "2026-06-13T19:17:46.6755590Z". Cutoff time is "2026-06-13T19:12:46.6755590Z".
2026-06-14 00:47:46.723 +05:30 [INF] ReleaseExpiredEventCreationAsync job completed. Total events expired: 0.
2026-06-14 00:48:04.435 +05:30 [INF] ReleaseExpiredEventBookingAsync job started at "2026-06-13T19:18:04.4351410Z". Cutoff time is "2026-06-13T19:13:04.4351400Z".
2026-06-14 00:48:04.769 +05:30 [INF] ReleaseExpiredEventBookingAsync job completed. Total bookings expired: 0.
2026-06-14 00:48:04.771 +05:30 [INF] ReleaseExpiredEventCreationAsync job started at "2026-06-13T19:18:04.7711920Z". Cutoff time is "2026-06-13T19:13:04.7711910Z".
2026-06-14 00:48:04.785 +05:30 [INF] ReleaseExpiredEventCreationAsync job completed. Total events expired: 0.
2026-06-14 00:49:04.846 +05:30 [INF] ReleaseExpiredEventBookingAsync job started at "2026-06-13T19:19:04.8461170Z". Cutoff time is "2026-06-13T19:14:04.8461130Z".
2026-06-14 00:49:04.861 +05:30 [INF] ReleaseExpiredEventBookingAsync job completed. Total bookings expired: 0.
2026-06-14 00:49:04.861 +05:30 [INF] ReleaseExpiredEventCreationAsync job started at "2026-06-13T19:19:04.8617270Z". Cutoff time is "2026-06-13T19:14:04.8617270Z".
2026-06-14 00:49:04.865 +05:30 [INF] ReleaseExpiredEventCreationAsync job completed. Total events expired: 0.
2026-06-14 00:50:04.883 +05:30 [INF] ReleaseExpiredEventBookingAsync job started at "2026-06-13T19:20:04.8834880Z". Cutoff time is "2026-06-13T19:15:04.8834840Z".
2026-06-14 00:50:04.894 +05:30 [INF] ReleaseExpiredEventBookingAsync job completed. Total bookings expired: 0.
2026-06-14 00:50:04.894 +05:30 [INF] ReleaseExpiredEventCreationAsync job started at "2026-06-13T19:20:04.8947050Z". Cutoff time is "2026-06-13T19:15:04.8947050Z".
2026-06-14 00:50:04.898 +05:30 [INF] ReleaseExpiredEventCreationAsync job completed. Total events expired: 0.
2026-06-14 00:51:04.902 +05:30 [INF] ReleaseExpiredEventBookingAsync job started at "2026-06-13T19:21:04.9020340Z". Cutoff time is "2026-06-13T19:16:04.9020320Z".
2026-06-14 00:51:04.915 +05:30 [INF] ReleaseExpiredEventBookingAsync job completed. Total bookings expired: 0.
2026-06-14 00:51:04.915 +05:30 [INF] ReleaseExpiredEventCreationAsync job started at "2026-06-13T19:21:04.9157150Z". Cutoff time is "2026-06-13T19:16:04.9157140Z".
2026-06-14 00:51:04.922 +05:30 [INF] ReleaseExpiredEventCreationAsync job completed. Total events expired: 0.
2026-06-14 00:52:04.934 +05:30 [INF] ReleaseExpiredEventBookingAsync job started at "2026-06-13T19:22:04.9348590Z". Cutoff time is "2026-06-13T19:17:04.9348350Z".
2026-06-14 00:52:04.951 +05:30 [INF] ReleaseExpiredEventBookingAsync job completed. Total bookings expired: 0.
2026-06-14 00:52:04.952 +05:30 [INF] ReleaseExpiredEventCreationAsync job started at "2026-06-13T19:22:04.9523650Z". Cutoff time is "2026-06-13T19:17:04.9523640Z".
2026-06-14 00:52:04.960 +05:30 [INF] ReleaseExpiredEventCreationAsync job completed. Total events expired: 0.
2026-06-14 00:53:04.979 +05:30 [INF] ReleaseExpiredEventBookingAsync job started at "2026-06-13T19:23:04.9796530Z". Cutoff time is "2026-06-13T19:18:04.9796340Z".
2026-06-14 00:53:05.022 +05:30 [INF] ReleaseExpiredEventBookingAsync job completed. Total bookings expired: 0.
2026-06-14 00:53:05.023 +05:30 [INF] ReleaseExpiredEventCreationAsync job started at "2026-06-13T19:23:05.0233340Z". Cutoff time is "2026-06-13T19:18:05.0233330Z".
2026-06-14 00:53:05.038 +05:30 [INF] ReleaseExpiredEventCreationAsync job completed. Total events expired: 0.
2026-06-14 00:54:05.053 +05:30 [INF] ReleaseExpiredEventBookingAsync job started at "2026-06-13T19:24:05.0530410Z". Cutoff time is "2026-06-13T19:19:05.0530030Z".
2026-06-14 00:54:05.178 +05:30 [INF] ReleaseExpiredEventBookingAsync job completed. Total bookings expired: 0.
2026-06-14 00:54:05.178 +05:30 [INF] ReleaseExpiredEventCreationAsync job started at "2026-06-13T19:24:05.1788740Z". Cutoff time is "2026-06-13T19:19:05.1788730Z".
2026-06-14 00:54:05.183 +05:30 [INF] ReleaseExpiredEventCreationAsync job completed. Total events expired: 0.
2026-06-14 00:55:05.195 +05:30 [INF] ReleaseExpiredEventBookingAsync job started at "2026-06-13T19:25:05.1950530Z". Cutoff time is "2026-06-13T19:20:05.1950230Z".
2026-06-14 00:55:05.583 +05:30 [INF] ReleaseExpiredEventBookingAsync job completed. Total bookings expired: 0.
2026-06-14 00:55:05.601 +05:30 [INF] ReleaseExpiredEventCreationAsync job started at "2026-06-13T19:25:05.6014040Z". Cutoff time is "2026-06-13T19:20:05.6004520Z".
2026-06-14 00:55:05.667 +05:30 [INF] ReleaseExpiredEventCreationAsync job completed. Total events expired: 0.
2026-06-14 00:56:05.682 +05:30 [INF] ReleaseExpiredEventBookingAsync job started at "2026-06-13T19:26:05.6829250Z". Cutoff time is "2026-06-13T19:21:05.6829150Z".
2026-06-14 00:56:05.716 +05:30 [INF] ReleaseExpiredEventBookingAsync job completed. Total bookings expired: 0.
2026-06-14 00:56:05.717 +05:30 [INF] ReleaseExpiredEventCreationAsync job started at "2026-06-13T19:26:05.7172690Z". Cutoff time is "2026-06-13T19:21:05.7172680Z".
2026-06-14 00:56:05.726 +05:30 [INF] ReleaseExpiredEventCreationAsync job completed. Total events expired: 0.
2026-06-14 00:57:05.741 +05:30 [INF] ReleaseExpiredEventBookingAsync job started at "2026-06-13T19:27:05.7414300Z". Cutoff time is "2026-06-13T19:22:05.7414150Z".
2026-06-14 00:57:05.769 +05:30 [INF] ReleaseExpiredEventBookingAsync job completed. Total bookings expired: 0.
2026-06-14 00:57:05.769 +05:30 [INF] ReleaseExpiredEventCreationAsync job started at "2026-06-13T19:27:05.7697470Z". Cutoff time is "2026-06-13T19:22:05.7697470Z".
2026-06-14 00:57:05.780 +05:30 [INF] ReleaseExpiredEventCreationAsync job completed. Total events expired: 0.
2026-06-14 00:58:05.790 +05:30 [INF] ReleaseExpiredEventBookingAsync job started at "2026-06-13T19:28:05.7899880Z". Cutoff time is "2026-06-13T19:23:05.7899740Z".
2026-06-14 00:58:05.832 +05:30 [INF] ReleaseExpiredEventBookingAsync job completed. Total bookings expired: 0.
2026-06-14 00:58:05.833 +05:30 [INF] ReleaseExpiredEventCreationAsync job started at "2026-06-13T19:28:05.8334270Z". Cutoff time is "2026-06-13T19:23:05.8334260Z".
2026-06-14 00:58:05.839 +05:30 [INF] ReleaseExpiredEventCreationAsync job completed. Total events expired: 0.
2026-06-14 00:59:05.847 +05:30 [INF] ReleaseExpiredEventBookingAsync job started at "2026-06-13T19:29:05.8475670Z". Cutoff time is "2026-06-13T19:24:05.8475620Z".
2026-06-14 00:59:05.858 +05:30 [INF] ReleaseExpiredEventBookingAsync job completed. Total bookings expired: 0.
2026-06-14 00:59:05.859 +05:30 [INF] ReleaseExpiredEventCreationAsync job started at "2026-06-13T19:29:05.8592860Z". Cutoff time is "2026-06-13T19:24:05.8592850Z".
2026-06-14 00:59:05.863 +05:30 [INF] ReleaseExpiredEventCreationAsync job completed. Total events expired: 0.
2026-06-14 15:53:16.417 +05:30 [INF] ReleaseExpiredEventBookingAsync job started at "2026-06-14T10:23:16.4172730Z". Cutoff time is "2026-06-14T10:18:16.4172730Z".
2026-06-14 15:53:16.792 +05:30 [INF] ReleaseExpiredEventBookingAsync job completed. Total bookings expired: 0.
2026-06-14 15:53:16.793 +05:30 [INF] ReleaseExpiredEventCreationAsync job started at "2026-06-14T10:23:16.7936430Z". Cutoff time is "2026-06-14T10:18:16.7936430Z".
2026-06-14 15:53:16.811 +05:30 [INF] ReleaseExpiredEventCreationAsync job completed. Total events expired: 0.
2026-06-14 15:54:16.886 +05:30 [INF] ReleaseExpiredEventBookingAsync job started at "2026-06-14T10:24:16.8866380Z". Cutoff time is "2026-06-14T10:19:16.8866350Z".
2026-06-14 15:54:16.920 +05:30 [INF] ReleaseExpiredEventBookingAsync job completed. Total bookings expired: 0.
2026-06-14 15:54:16.920 +05:30 [INF] ReleaseExpiredEventCreationAsync job started at "2026-06-14T10:24:16.9205880Z". Cutoff time is "2026-06-14T10:19:16.9205880Z".
2026-06-14 15:54:16.926 +05:30 [INF] ReleaseExpiredEventCreationAsync job completed. Total events expired: 0.
2026-06-14 15:55:16.986 +05:30 [INF] ReleaseExpiredEventBookingAsync job started at "2026-06-14T10:25:16.9868890Z". Cutoff time is "2026-06-14T10:20:16.9868870Z".
2026-06-14 15:55:17.120 +05:30 [INF] ReleaseExpiredEventBookingAsync job completed. Total bookings expired: 0.
2026-06-14 15:55:17.121 +05:30 [INF] ReleaseExpiredEventCreationAsync job started at "2026-06-14T10:25:17.1211330Z". Cutoff time is "2026-06-14T10:20:17.1211320Z".
2026-06-14 15:55:17.131 +05:30 [INF] ReleaseExpiredEventCreationAsync job completed. Total events expired: 0.
2026-06-14 15:56:17.139 +05:30 [INF] ReleaseExpiredEventBookingAsync job started at "2026-06-14T10:26:17.1397370Z". Cutoff time is "2026-06-14T10:21:17.1397320Z".
2026-06-14 15:56:17.167 +05:30 [INF] ReleaseExpiredEventBookingAsync job completed. Total bookings expired: 0.
2026-06-14 15:56:17.168 +05:30 [INF] ReleaseExpiredEventCreationAsync job started at "2026-06-14T10:26:17.1682190Z". Cutoff time is "2026-06-14T10:21:17.1682180Z".
2026-06-14 15:56:17.174 +05:30 [INF] ReleaseExpiredEventCreationAsync job completed. Total events expired: 0.
2026-06-14 15:57:17.189 +05:30 [INF] ReleaseExpiredEventBookingAsync job started at "2026-06-14T10:27:17.1893900Z". Cutoff time is "2026-06-14T10:22:17.1893460Z".
2026-06-14 15:57:17.384 +05:30 [INF] ReleaseExpiredEventBookingAsync job completed. Total bookings expired: 0.
2026-06-14 15:57:17.385 +05:30 [INF] ReleaseExpiredEventCreationAsync job started at "2026-06-14T10:27:17.3859050Z". Cutoff time is "2026-06-14T10:22:17.3859040Z".
2026-06-14 15:57:17.397 +05:30 [INF] ReleaseExpiredEventCreationAsync job completed. Total events expired: 0.
2026-06-14 15:58:17.404 +05:30 [INF] ReleaseExpiredEventBookingAsync job started at "2026-06-14T10:28:17.4049300Z". Cutoff time is "2026-06-14T10:23:17.4049190Z".
2026-06-14 15:58:17.443 +05:30 [INF] ReleaseExpiredEventBookingAsync job completed. Total bookings expired: 0.
2026-06-14 15:58:17.443 +05:30 [INF] ReleaseExpiredEventCreationAsync job started at "2026-06-14T10:28:17.4435710Z". Cutoff time is "2026-06-14T10:23:17.4435700Z".
2026-06-14 15:58:17.449 +05:30 [INF] ReleaseExpiredEventCreationAsync job completed. Total events expired: 0.
2026-06-14 15:59:17.463 +05:30 [INF] ReleaseExpiredEventBookingAsync job started at "2026-06-14T10:29:17.4630890Z". Cutoff time is "2026-06-14T10:24:17.4630550Z".
2026-06-14 15:59:17.603 +05:30 [INF] ReleaseExpiredEventBookingAsync job completed. Total bookings expired: 0.
2026-06-14 15:59:17.603 +05:30 [INF] ReleaseExpiredEventCreationAsync job started at "2026-06-14T10:29:17.6035770Z". Cutoff time is "2026-06-14T10:24:17.6035760Z".
2026-06-14 15:59:17.608 +05:30 [INF] ReleaseExpiredEventCreationAsync job completed. Total events expired: 0.
2026-06-14 16:00:18.765 +05:30 [INF] ReleaseExpiredEventBookingAsync job started at "2026-06-14T10:30:18.7656240Z". Cutoff time is "2026-06-14T10:25:18.7655960Z".
2026-06-14 16:00:18.952 +05:30 [INF] ReleaseExpiredEventBookingAsync job completed. Total bookings expired: 0.
2026-06-14 16:00:18.954 +05:30 [INF] ReleaseExpiredEventCreationAsync job started at "2026-06-14T10:30:18.9547480Z". Cutoff time is "2026-06-14T10:25:18.9546170Z".
2026-06-14 16:00:18.970 +05:30 [INF] ReleaseExpiredEventCreationAsync job completed. Total events expired: 0.
