2026-06-15 00:08:59.248 +05:30 [INF] ReleaseExpiredEventBookingAsync job started at "2026-06-14T18:38:59.2487960Z". Cutoff time is "2026-06-14T18:33:59.2487870Z".
2026-06-15 00:08:59.508 +05:30 [INF] ReleaseExpiredEventBookingAsync job completed. Total bookings expired: 0.
2026-06-15 00:08:59.509 +05:30 [INF] ReleaseExpiredEventCreationAsync job started at "2026-06-14T18:38:59.5092930Z". Cutoff time is "2026-06-14T18:33:59.5092920Z".
2026-06-15 00:08:59.547 +05:30 [INF] ReleaseExpiredEventCreationAsync job completed. Total events expired: 0.
2026-06-15 00:30:14.180 +05:30 [INF] ReleaseExpiredEventBookingAsync job started at "2026-06-14T19:00:14.1806760Z". Cutoff time is "2026-06-14T18:55:14.1806690Z".
2026-06-15 00:30:14.255 +05:30 [INF] ReleaseExpiredEventBookingAsync job completed. Total bookings expired: 0.
2026-06-15 00:30:14.255 +05:30 [INF] ReleaseExpiredEventCreationAsync job started at "2026-06-14T19:00:14.2557370Z". Cutoff time is "2026-06-14T18:55:14.2557360Z".
2026-06-15 00:30:14.263 +05:30 [INF] ReleaseExpiredEventCreationAsync job completed. Total events expired: 0.
2026-06-15 00:31:14.267 +05:30 [INF] ReleaseExpiredEventBookingAsync job started at "2026-06-14T19:01:14.2672750Z". Cutoff time is "2026-06-14T18:56:14.2672750Z".
2026-06-15 00:31:14.279 +05:30 [INF] ReleaseExpiredEventBookingAsync job completed. Total bookings expired: 0.
2026-06-15 00:31:14.280 +05:30 [INF] ReleaseExpiredEventCreationAsync job started at "2026-06-14T19:01:14.2805830Z". Cutoff time is "2026-06-14T18:56:14.2805830Z".
2026-06-15 00:31:14.290 +05:30 [INF] ReleaseExpiredEventCreationAsync job completed. Total events expired: 0.
2026-06-15 00:32:14.308 +05:30 [INF] ReleaseExpiredEventBookingAsync job started at "2026-06-14T19:02:14.3085290Z". Cutoff time is "2026-06-14T18:57:14.3085290Z".
2026-06-15 00:32:14.325 +05:30 [INF] ReleaseExpiredEventBookingAsync job completed. Total bookings expired: 0.
2026-06-15 00:32:14.326 +05:30 [INF] ReleaseExpiredEventCreationAsync job started at "2026-06-14T19:02:14.3263740Z". Cutoff time is "2026-06-14T18:57:14.3263740Z".
2026-06-15 00:32:14.334 +05:30 [INF] ReleaseExpiredEventCreationAsync job completed. Total events expired: 0.
2026-06-15 00:33:14.358 +05:30 [INF] ReleaseExpiredEventBookingAsync job started at "2026-06-14T19:03:14.3587710Z". Cutoff time is "2026-06-14T18:58:14.3587700Z".
2026-06-15 00:33:14.375 +05:30 [INF] ReleaseExpiredEventBookingAsync job completed. Total bookings expired: 0.
2026-06-15 00:33:14.375 +05:30 [INF] ReleaseExpiredEventCreationAsync job started at "2026-06-14T19:03:14.3755300Z". Cutoff time is "2026-06-14T18:58:14.3755290Z".
2026-06-15 00:33:14.382 +05:30 [INF] ReleaseExpiredEventCreationAsync job completed. Total events expired: 0.
2026-06-15 00:34:14.395 +05:30 [INF] ReleaseExpiredEventBookingAsync job started at "2026-06-14T19:04:14.3949690Z". Cutoff time is "2026-06-14T18:59:14.3949690Z".
2026-06-15 00:34:14.414 +05:30 [INF] ReleaseExpiredEventBookingAsync job completed. Total bookings expired: 0.
2026-06-15 00:34:14.415 +05:30 [INF] ReleaseExpiredEventCreationAsync job started at "2026-06-14T19:04:14.4150310Z". Cutoff time is "2026-06-14T18:59:14.4150310Z".
2026-06-15 00:34:14.422 +05:30 [INF] ReleaseExpiredEventCreationAsync job completed. Total events expired: 0.
2026-06-15 00:35:14.427 +05:30 [INF] ReleaseExpiredEventBookingAsync job started at "2026-06-14T19:05:14.4279150Z". Cutoff time is "2026-06-14T19:00:14.4279150Z".
2026-06-15 00:35:14.460 +05:30 [INF] ReleaseExpiredEventBookingAsync job completed. Total bookings expired: 0.
2026-06-15 00:35:14.460 +05:30 [INF] ReleaseExpiredEventCreationAsync job started at "2026-06-14T19:05:14.4604050Z". Cutoff time is "2026-06-14T19:00:14.4604050Z".
2026-06-15 00:35:14.472 +05:30 [INF] ReleaseExpiredEventCreationAsync job completed. Total events expired: 0.
2026-06-15 00:35:50.115 +05:30 [INF] ReleaseExpiredEventBookingAsync job started at "2026-06-14T19:05:50.1154680Z". Cutoff time is "2026-06-14T19:00:50.1154680Z".
2026-06-15 00:35:50.497 +05:30 [INF] ReleaseExpiredEventBookingAsync job completed. Total bookings expired: 0.
2026-06-15 00:35:50.499 +05:30 [INF] ReleaseExpiredEventCreationAsync job started at "2026-06-14T19:05:50.4997350Z". Cutoff time is "2026-06-14T19:00:50.4997350Z".
2026-06-15 00:35:50.513 +05:30 [INF] ReleaseExpiredEventCreationAsync job completed. Total events expired: 0.
2026-06-15 00:36:50.538 +05:30 [INF] ReleaseExpiredEventBookingAsync job started at "2026-06-14T19:06:50.5379940Z". Cutoff time is "2026-06-14T19:01:50.5379840Z".
2026-06-15 00:36:50.568 +05:30 [INF] ReleaseExpiredEventBookingAsync job completed. Total bookings expired: 0.
2026-06-15 00:36:50.569 +05:30 [INF] ReleaseExpiredEventCreationAsync job started at "2026-06-14T19:06:50.5693740Z". Cutoff time is "2026-06-14T19:01:50.5693730Z".
2026-06-15 00:36:50.576 +05:30 [INF] ReleaseExpiredEventCreationAsync job completed. Total events expired: 0.
2026-06-15 00:37:50.629 +05:30 [INF] ReleaseExpiredEventBookingAsync job started at "2026-06-14T19:07:50.6290200Z". Cutoff time is "2026-06-14T19:02:50.6290180Z".
2026-06-15 00:37:50.660 +05:30 [INF] ReleaseExpiredEventBookingAsync job completed. Total bookings expired: 0.
2026-06-15 00:37:50.660 +05:30 [INF] ReleaseExpiredEventCreationAsync job started at "2026-06-14T19:07:50.6604480Z". Cutoff time is "2026-06-14T19:02:50.6604470Z".
2026-06-15 00:37:50.673 +05:30 [INF] ReleaseExpiredEventCreationAsync job completed. Total events expired: 0.
2026-06-15 00:38:50.686 +05:30 [INF] ReleaseExpiredEventBookingAsync job started at "2026-06-14T19:08:50.6868130Z". Cutoff time is "2026-06-14T19:03:50.6867930Z".
2026-06-15 00:38:50.728 +05:30 [INF] ReleaseExpiredEventBookingAsync job completed. Total bookings expired: 0.
2026-06-15 00:38:50.729 +05:30 [INF] ReleaseExpiredEventCreationAsync job started at "2026-06-14T19:08:50.7297110Z". Cutoff time is "2026-06-14T19:03:50.7297110Z".
2026-06-15 00:38:50.738 +05:30 [INF] ReleaseExpiredEventCreationAsync job completed. Total events expired: 0.
2026-06-15 00:39:50.751 +05:30 [INF] ReleaseExpiredEventBookingAsync job started at "2026-06-14T19:09:50.7519600Z". Cutoff time is "2026-06-14T19:04:50.7519420Z".
2026-06-15 00:39:50.794 +05:30 [INF] ReleaseExpiredEventBookingAsync job completed. Total bookings expired: 0.
2026-06-15 00:39:50.796 +05:30 [INF] ReleaseExpiredEventCreationAsync job started at "2026-06-14T19:09:50.7966680Z". Cutoff time is "2026-06-14T19:04:50.7966670Z".
2026-06-15 00:39:50.806 +05:30 [INF] ReleaseExpiredEventCreationAsync job completed. Total events expired: 0.
2026-06-15 00:40:50.814 +05:30 [INF] ReleaseExpiredEventBookingAsync job started at "2026-06-14T19:10:50.8141410Z". Cutoff time is "2026-06-14T19:05:50.8141250Z".
2026-06-15 00:40:50.883 +05:30 [INF] ReleaseExpiredEventBookingAsync job completed. Total bookings expired: 0.
2026-06-15 00:40:50.883 +05:30 [INF] ReleaseExpiredEventCreationAsync job started at "2026-06-14T19:10:50.8838180Z". Cutoff time is "2026-06-14T19:05:50.8838180Z".
2026-06-15 00:40:50.891 +05:30 [INF] ReleaseExpiredEventCreationAsync job completed. Total events expired: 0.
2026-06-15 00:41:50.907 +05:30 [INF] ReleaseExpiredEventBookingAsync job started at "2026-06-14T19:11:50.9074780Z". Cutoff time is "2026-06-14T19:06:50.9074700Z".
2026-06-15 00:41:50.936 +05:30 [INF] ReleaseExpiredEventBookingAsync job completed. Total bookings expired: 0.
2026-06-15 00:41:50.937 +05:30 [INF] ReleaseExpiredEventCreationAsync job started at "2026-06-14T19:11:50.9371070Z". Cutoff time is "2026-06-14T19:06:50.9371060Z".
2026-06-15 00:41:51.011 +05:30 [INF] ReleaseExpiredEventCreationAsync job completed. Total events expired: 0.
2026-06-15 00:42:51.022 +05:30 [INF] ReleaseExpiredEventBookingAsync job started at "2026-06-14T19:12:51.0224660Z". Cutoff time is "2026-06-14T19:07:51.0224570Z".
2026-06-15 00:42:51.071 +05:30 [INF] ReleaseExpiredEventBookingAsync job completed. Total bookings expired: 0.
2026-06-15 00:42:51.071 +05:30 [INF] ReleaseExpiredEventCreationAsync job started at "2026-06-14T19:12:51.0718500Z". Cutoff time is "2026-06-14T19:07:51.0718490Z".
2026-06-15 00:42:51.081 +05:30 [INF] ReleaseExpiredEventCreationAsync job completed. Total events expired: 0.
2026-06-15 00:43:51.092 +05:30 [INF] ReleaseExpiredEventBookingAsync job started at "2026-06-14T19:13:51.0924790Z". Cutoff time is "2026-06-14T19:08:51.0924690Z".
2026-06-15 00:43:51.114 +05:30 [INF] ReleaseExpiredEventBookingAsync job completed. Total bookings expired: 0.
2026-06-15 00:43:51.115 +05:30 [INF] ReleaseExpiredEventCreationAsync job started at "2026-06-14T19:13:51.1152200Z". Cutoff time is "2026-06-14T19:08:51.1152190Z".
2026-06-15 00:43:51.122 +05:30 [INF] ReleaseExpiredEventCreationAsync job completed. Total events expired: 0.
2026-06-15 00:44:51.135 +05:30 [INF] ReleaseExpiredEventBookingAsync job started at "2026-06-14T19:14:51.1354730Z". Cutoff time is "2026-06-14T19:09:51.1354630Z".
2026-06-15 00:44:51.156 +05:30 [INF] ReleaseExpiredEventBookingAsync job completed. Total bookings expired: 0.
2026-06-15 00:44:51.156 +05:30 [INF] ReleaseExpiredEventCreationAsync job started at "2026-06-14T19:14:51.1568470Z". Cutoff time is "2026-06-14T19:09:51.1568460Z".
2026-06-15 00:44:51.163 +05:30 [INF] ReleaseExpiredEventCreationAsync job completed. Total events expired: 0.
2026-06-15 00:45:51.174 +05:30 [INF] ReleaseExpiredEventBookingAsync job started at "2026-06-14T19:15:51.1740730Z". Cutoff time is "2026-06-14T19:10:51.1740640Z".
2026-06-15 00:45:51.213 +05:30 [INF] ReleaseExpiredEventBookingAsync job completed. Total bookings expired: 0.
2026-06-15 00:45:51.214 +05:30 [INF] ReleaseExpiredEventCreationAsync job started at "2026-06-14T19:15:51.2145260Z". Cutoff time is "2026-06-14T19:10:51.2145250Z".
2026-06-15 00:45:51.224 +05:30 [INF] ReleaseExpiredEventCreationAsync job completed. Total events expired: 0.
2026-06-15 00:46:32.029 +05:30 [INF] ReleaseExpiredEventBookingAsync job started at "2026-06-14T19:16:32.0289070Z". Cutoff time is "2026-06-14T19:11:32.0289070Z".
2026-06-15 00:46:32.404 +05:30 [INF] ReleaseExpiredEventBookingAsync job completed. Total bookings expired: 0.
2026-06-15 00:46:32.406 +05:30 [INF] ReleaseExpiredEventCreationAsync job started at "2026-06-14T19:16:32.4061630Z". Cutoff time is "2026-06-14T19:11:32.4061630Z".
2026-06-15 00:46:32.418 +05:30 [INF] ReleaseExpiredEventCreationAsync job completed. Total events expired: 0.
2026-06-15 00:47:32.444 +05:30 [INF] ReleaseExpiredEventBookingAsync job started at "2026-06-14T19:17:32.4441490Z". Cutoff time is "2026-06-14T19:12:32.4441370Z".
2026-06-15 00:47:32.475 +05:30 [INF] ReleaseExpiredEventBookingAsync job completed. Total bookings expired: 0.
2026-06-15 00:47:32.476 +05:30 [INF] ReleaseExpiredEventCreationAsync job started at "2026-06-14T19:17:32.4763050Z". Cutoff time is "2026-06-14T19:12:32.4763050Z".
2026-06-15 00:47:32.483 +05:30 [INF] ReleaseExpiredEventCreationAsync job completed. Total events expired: 0.
2026-06-15 00:48:32.499 +05:30 [INF] ReleaseExpiredEventBookingAsync job started at "2026-06-14T19:18:32.4999170Z". Cutoff time is "2026-06-14T19:13:32.4999080Z".
2026-06-15 00:48:32.520 +05:30 [INF] ReleaseExpiredEventBookingAsync job completed. Total bookings expired: 0.
2026-06-15 00:48:32.521 +05:30 [INF] ReleaseExpiredEventCreationAsync job started at "2026-06-14T19:18:32.5211330Z". Cutoff time is "2026-06-14T19:13:32.5211320Z".
2026-06-15 00:48:32.527 +05:30 [INF] ReleaseExpiredEventCreationAsync job completed. Total events expired: 0.
2026-06-15 00:49:32.553 +05:30 [INF] ReleaseExpiredEventBookingAsync job started at "2026-06-14T19:19:32.5532700Z". Cutoff time is "2026-06-14T19:14:32.5532610Z".
2026-06-15 00:49:32.572 +05:30 [INF] ReleaseExpiredEventBookingAsync job completed. Total bookings expired: 0.
2026-06-15 00:49:32.573 +05:30 [INF] ReleaseExpiredEventCreationAsync job started at "2026-06-14T19:19:32.5735980Z". Cutoff time is "2026-06-14T19:14:32.5735970Z".
2026-06-15 00:49:32.624 +05:30 [INF] ReleaseExpiredEventCreationAsync job completed. Total events expired: 0.
2026-06-15 00:50:32.641 +05:30 [INF] ReleaseExpiredEventBookingAsync job started at "2026-06-14T19:20:32.6413500Z". Cutoff time is "2026-06-14T19:15:32.6413440Z".
2026-06-15 00:50:32.659 +05:30 [INF] ReleaseExpiredEventBookingAsync job completed. Total bookings expired: 0.
2026-06-15 00:50:32.660 +05:30 [INF] ReleaseExpiredEventCreationAsync job started at "2026-06-14T19:20:32.6600790Z". Cutoff time is "2026-06-14T19:15:32.6600790Z".
2026-06-15 00:50:32.664 +05:30 [INF] ReleaseExpiredEventCreationAsync job completed. Total events expired: 0.
2026-06-15 00:51:32.671 +05:30 [INF] ReleaseExpiredEventBookingAsync job started at "2026-06-14T19:21:32.6718920Z". Cutoff time is "2026-06-14T19:16:32.6718810Z".
2026-06-15 00:51:32.714 +05:30 [INF] ReleaseExpiredEventBookingAsync job completed. Total bookings expired: 0.
2026-06-15 00:51:32.714 +05:30 [INF] ReleaseExpiredEventCreationAsync job started at "2026-06-14T19:21:32.7148080Z". Cutoff time is "2026-06-14T19:16:32.7148080Z".
2026-06-15 00:51:32.725 +05:30 [INF] ReleaseExpiredEventCreationAsync job completed. Total events expired: 0.
2026-06-15 00:52:32.750 +05:30 [INF] ReleaseExpiredEventBookingAsync job started at "2026-06-14T19:22:32.7500310Z". Cutoff time is "2026-06-14T19:17:32.7500130Z".
2026-06-15 00:52:32.770 +05:30 [INF] ReleaseExpiredEventBookingAsync job completed. Total bookings expired: 0.
2026-06-15 00:52:32.771 +05:30 [INF] ReleaseExpiredEventCreationAsync job started at "2026-06-14T19:22:32.7713740Z". Cutoff time is "2026-06-14T19:17:32.7713730Z".
2026-06-15 00:52:32.785 +05:30 [INF] Expiring unconfirmed Event ID 10890: 'Test Event' created by Organizer ID 11992.
2026-06-15 00:52:32.902 +05:30 [INF] ReleaseExpiredEventCreationAsync job completed. Total events expired: 1.
2026-06-15 00:53:32.913 +05:30 [INF] ReleaseExpiredEventBookingAsync job started at "2026-06-14T19:23:32.9134800Z". Cutoff time is "2026-06-14T19:18:32.9134700Z".
2026-06-15 00:53:32.949 +05:30 [INF] ReleaseExpiredEventBookingAsync job completed. Total bookings expired: 0.
2026-06-15 00:53:32.951 +05:30 [INF] ReleaseExpiredEventCreationAsync job started at "2026-06-14T19:23:32.9513000Z". Cutoff time is "2026-06-14T19:18:32.9512990Z".
2026-06-15 00:53:32.960 +05:30 [INF] ReleaseExpiredEventCreationAsync job completed. Total events expired: 0.
2026-06-15 00:54:32.970 +05:30 [INF] ReleaseExpiredEventBookingAsync job started at "2026-06-14T19:24:32.9707450Z". Cutoff time is "2026-06-14T19:19:32.9707060Z".
2026-06-15 00:54:32.994 +05:30 [INF] ReleaseExpiredEventBookingAsync job completed. Total bookings expired: 0.
2026-06-15 00:54:32.994 +05:30 [INF] ReleaseExpiredEventCreationAsync job started at "2026-06-14T19:24:32.9947350Z". Cutoff time is "2026-06-14T19:19:32.9947350Z".
2026-06-15 00:54:33.003 +05:30 [INF] ReleaseExpiredEventCreationAsync job completed. Total events expired: 0.
2026-06-15 00:55:33.015 +05:30 [INF] ReleaseExpiredEventBookingAsync job started at "2026-06-14T19:25:33.0150850Z". Cutoff time is "2026-06-14T19:20:33.0150760Z".
2026-06-15 00:55:33.034 +05:30 [INF] ReleaseExpiredEventBookingAsync job completed. Total bookings expired: 0.
2026-06-15 00:55:33.035 +05:30 [INF] ReleaseExpiredEventCreationAsync job started at "2026-06-14T19:25:33.0353760Z". Cutoff time is "2026-06-14T19:20:33.0353750Z".
2026-06-15 00:55:33.053 +05:30 [INF] ReleaseExpiredEventCreationAsync job completed. Total events expired: 0.
2026-06-15 00:56:33.064 +05:30 [INF] ReleaseExpiredEventBookingAsync job started at "2026-06-14T19:26:33.0645330Z". Cutoff time is "2026-06-14T19:21:33.0645220Z".
2026-06-15 00:56:33.100 +05:30 [INF] ReleaseExpiredEventBookingAsync job completed. Total bookings expired: 0.
2026-06-15 00:56:33.100 +05:30 [INF] ReleaseExpiredEventCreationAsync job started at "2026-06-14T19:26:33.1007810Z". Cutoff time is "2026-06-14T19:21:33.1007800Z".
2026-06-15 00:56:33.107 +05:30 [INF] ReleaseExpiredEventCreationAsync job completed. Total events expired: 0.
2026-06-15 00:57:33.110 +05:30 [INF] ReleaseExpiredEventBookingAsync job started at "2026-06-14T19:27:33.1109940Z". Cutoff time is "2026-06-14T19:22:33.1109920Z".
2026-06-15 00:57:33.190 +05:30 [INF] ReleaseExpiredEventBookingAsync job completed. Total bookings expired: 0.
2026-06-15 00:57:33.192 +05:30 [INF] ReleaseExpiredEventCreationAsync job started at "2026-06-14T19:27:33.1929210Z". Cutoff time is "2026-06-14T19:22:33.1929200Z".
2026-06-15 00:57:33.214 +05:30 [INF] ReleaseExpiredEventCreationAsync job completed. Total events expired: 0.
2026-06-15 00:58:33.225 +05:30 [INF] ReleaseExpiredEventBookingAsync job started at "2026-06-14T19:28:33.2252350Z". Cutoff time is "2026-06-14T19:23:33.2252240Z".
2026-06-15 00:58:33.243 +05:30 [INF] ReleaseExpiredEventBookingAsync job completed. Total bookings expired: 0.
2026-06-15 00:58:33.244 +05:30 [INF] ReleaseExpiredEventCreationAsync job started at "2026-06-14T19:28:33.2441630Z". Cutoff time is "2026-06-14T19:23:33.2441620Z".
2026-06-15 00:58:33.252 +05:30 [INF] ReleaseExpiredEventCreationAsync job completed. Total events expired: 0.
2026-06-15 00:59:33.262 +05:30 [INF] ReleaseExpiredEventBookingAsync job started at "2026-06-14T19:29:33.2628250Z". Cutoff time is "2026-06-14T19:24:33.2628160Z".
2026-06-15 00:59:33.285 +05:30 [INF] ReleaseExpiredEventBookingAsync job completed. Total bookings expired: 0.
2026-06-15 00:59:33.286 +05:30 [INF] ReleaseExpiredEventCreationAsync job started at "2026-06-14T19:29:33.2860200Z". Cutoff time is "2026-06-14T19:24:33.2860190Z".
2026-06-15 00:59:33.295 +05:30 [INF] ReleaseExpiredEventCreationAsync job completed. Total events expired: 0.
2026-06-15 01:00:33.301 +05:30 [INF] ReleaseExpiredEventBookingAsync job started at "2026-06-14T19:30:33.3015830Z". Cutoff time is "2026-06-14T19:25:33.3015760Z".
2026-06-15 01:00:33.328 +05:30 [INF] ReleaseExpiredEventBookingAsync job completed. Total bookings expired: 0.
2026-06-15 01:00:33.329 +05:30 [INF] ReleaseExpiredEventCreationAsync job started at "2026-06-14T19:30:33.3292580Z". Cutoff time is "2026-06-14T19:25:33.3292570Z".
2026-06-15 01:00:33.343 +05:30 [INF] ReleaseExpiredEventCreationAsync job completed. Total events expired: 0.
2026-06-15 01:01:33.350 +05:30 [INF] ReleaseExpiredEventBookingAsync job started at "2026-06-14T19:31:33.3506320Z". Cutoff time is "2026-06-14T19:26:33.3506270Z".
2026-06-15 01:01:33.379 +05:30 [INF] ReleaseExpiredEventBookingAsync job completed. Total bookings expired: 0.
2026-06-15 01:01:33.379 +05:30 [INF] ReleaseExpiredEventCreationAsync job started at "2026-06-14T19:31:33.3798840Z". Cutoff time is "2026-06-14T19:26:33.3798830Z".
2026-06-15 01:01:33.387 +05:30 [INF] ReleaseExpiredEventCreationAsync job completed. Total events expired: 0.
2026-06-15 01:02:33.396 +05:30 [INF] ReleaseExpiredEventBookingAsync job started at "2026-06-14T19:32:33.3962860Z". Cutoff time is "2026-06-14T19:27:33.3962850Z".
2026-06-15 01:02:33.411 +05:30 [INF] ReleaseExpiredEventBookingAsync job completed. Total bookings expired: 0.
2026-06-15 01:02:33.411 +05:30 [INF] ReleaseExpiredEventCreationAsync job started at "2026-06-14T19:32:33.4117840Z". Cutoff time is "2026-06-14T19:27:33.4117840Z".
2026-06-15 01:02:33.418 +05:30 [INF] ReleaseExpiredEventCreationAsync job completed. Total events expired: 0.
2026-06-15 01:03:33.422 +05:30 [INF] ReleaseExpiredEventBookingAsync job started at "2026-06-14T19:33:33.4222280Z". Cutoff time is "2026-06-14T19:28:33.4222280Z".
2026-06-15 01:03:33.434 +05:30 [INF] ReleaseExpiredEventBookingAsync job completed. Total bookings expired: 0.
2026-06-15 01:03:33.435 +05:30 [INF] ReleaseExpiredEventCreationAsync job started at "2026-06-14T19:33:33.4355450Z". Cutoff time is "2026-06-14T19:28:33.4355450Z".
2026-06-15 01:03:33.439 +05:30 [INF] ReleaseExpiredEventCreationAsync job completed. Total events expired: 0.
2026-06-15 01:12:31.364 +05:30 [INF] ReleaseExpiredEventBookingAsync job started at "2026-06-14T19:42:31.3645180Z". Cutoff time is "2026-06-14T19:37:31.3645170Z".
2026-06-15 01:12:31.784 +05:30 [INF] Expiring Booking ID 10384 for Attendee 11992.
2026-06-15 01:12:31.924 +05:30 [INF] ReleaseExpiredEventBookingAsync job completed. Total bookings expired: 1.
2026-06-15 01:12:31.925 +05:30 [INF] ReleaseExpiredEventCreationAsync job started at "2026-06-14T19:42:31.9255070Z". Cutoff time is "2026-06-14T19:37:31.9255060Z".
2026-06-15 01:12:31.935 +05:30 [INF] ReleaseExpiredEventCreationAsync job completed. Total events expired: 0.
2026-06-15 01:13:31.992 +05:30 [INF] ReleaseExpiredEventBookingAsync job started at "2026-06-14T19:43:31.9922180Z". Cutoff time is "2026-06-14T19:38:31.9922080Z".
2026-06-15 01:13:32.012 +05:30 [INF] ReleaseExpiredEventBookingAsync job completed. Total bookings expired: 0.
2026-06-15 01:13:32.012 +05:30 [INF] ReleaseExpiredEventCreationAsync job started at "2026-06-14T19:43:32.0127800Z". Cutoff time is "2026-06-14T19:38:32.0127800Z".
2026-06-15 01:13:32.018 +05:30 [INF] ReleaseExpiredEventCreationAsync job completed. Total events expired: 0.
2026-06-15 01:14:32.044 +05:30 [INF] ReleaseExpiredEventBookingAsync job started at "2026-06-14T19:44:32.0440760Z". Cutoff time is "2026-06-14T19:39:32.0439250Z".
2026-06-15 01:14:32.089 +05:30 [INF] ReleaseExpiredEventBookingAsync job completed. Total bookings expired: 0.
2026-06-15 01:14:32.090 +05:30 [INF] ReleaseExpiredEventCreationAsync job started at "2026-06-14T19:44:32.0903260Z". Cutoff time is "2026-06-14T19:39:32.0903240Z".
2026-06-15 01:14:32.103 +05:30 [INF] ReleaseExpiredEventCreationAsync job completed. Total events expired: 0.
2026-06-15 01:15:32.112 +05:30 [INF] ReleaseExpiredEventBookingAsync job started at "2026-06-14T19:45:32.1127910Z". Cutoff time is "2026-06-14T19:40:32.1127600Z".
2026-06-15 01:15:32.143 +05:30 [INF] ReleaseExpiredEventBookingAsync job completed. Total bookings expired: 0.
2026-06-15 01:15:32.143 +05:30 [INF] ReleaseExpiredEventCreationAsync job started at "2026-06-14T19:45:32.1438200Z". Cutoff time is "2026-06-14T19:40:32.1438190Z".
2026-06-15 01:15:32.156 +05:30 [INF] ReleaseExpiredEventCreationAsync job completed. Total events expired: 0.
2026-06-15 01:16:32.180 +05:30 [INF] ReleaseExpiredEventBookingAsync job started at "2026-06-14T19:46:32.1802370Z". Cutoff time is "2026-06-14T19:41:32.1802290Z".
2026-06-15 01:16:32.208 +05:30 [INF] ReleaseExpiredEventBookingAsync job completed. Total bookings expired: 0.
2026-06-15 01:16:32.208 +05:30 [INF] ReleaseExpiredEventCreationAsync job started at "2026-06-14T19:46:32.2089600Z". Cutoff time is "2026-06-14T19:41:32.2089600Z".
2026-06-15 01:16:32.215 +05:30 [INF] ReleaseExpiredEventCreationAsync job completed. Total events expired: 0.
2026-06-15 01:17:32.229 +05:30 [INF] ReleaseExpiredEventBookingAsync job started at "2026-06-14T19:47:32.2295550Z". Cutoff time is "2026-06-14T19:42:32.2295240Z".
2026-06-15 01:17:32.253 +05:30 [INF] ReleaseExpiredEventBookingAsync job completed. Total bookings expired: 0.
2026-06-15 01:17:32.253 +05:30 [INF] ReleaseExpiredEventCreationAsync job started at "2026-06-14T19:47:32.2536080Z". Cutoff time is "2026-06-14T19:42:32.2536080Z".
2026-06-15 01:17:32.258 +05:30 [INF] ReleaseExpiredEventCreationAsync job completed. Total events expired: 0.
2026-06-15 01:18:32.272 +05:30 [INF] ReleaseExpiredEventBookingAsync job started at "2026-06-14T19:48:32.2723380Z". Cutoff time is "2026-06-14T19:43:32.2723240Z".
2026-06-15 01:18:32.288 +05:30 [INF] ReleaseExpiredEventBookingAsync job completed. Total bookings expired: 0.
2026-06-15 01:18:32.289 +05:30 [INF] ReleaseExpiredEventCreationAsync job started at "2026-06-14T19:48:32.2892990Z". Cutoff time is "2026-06-14T19:43:32.2892980Z".
2026-06-15 01:18:32.298 +05:30 [INF] ReleaseExpiredEventCreationAsync job completed. Total events expired: 0.
2026-06-15 01:19:32.314 +05:30 [INF] ReleaseExpiredEventBookingAsync job started at "2026-06-14T19:49:32.3140520Z". Cutoff time is "2026-06-14T19:44:32.3140460Z".
2026-06-15 01:19:32.662 +05:30 [INF] ReleaseExpiredEventBookingAsync job completed. Total bookings expired: 0.
2026-06-15 01:19:32.665 +05:30 [INF] ReleaseExpiredEventCreationAsync job started at "2026-06-14T19:49:32.6658400Z". Cutoff time is "2026-06-14T19:44:32.6658390Z".
2026-06-15 01:19:32.677 +05:30 [INF] ReleaseExpiredEventCreationAsync job completed. Total events expired: 0.
2026-06-15 01:20:32.690 +05:30 [INF] ReleaseExpiredEventBookingAsync job started at "2026-06-14T19:50:32.6903750Z". Cutoff time is "2026-06-14T19:45:32.6903510Z".
2026-06-15 01:20:32.802 +05:30 [INF] ReleaseExpiredEventBookingAsync job completed. Total bookings expired: 0.
2026-06-15 01:20:32.803 +05:30 [INF] ReleaseExpiredEventCreationAsync job started at "2026-06-14T19:50:32.8030880Z". Cutoff time is "2026-06-14T19:45:32.8030870Z".
2026-06-15 01:20:32.808 +05:30 [INF] ReleaseExpiredEventCreationAsync job completed. Total events expired: 0.
2026-06-15 01:21:32.830 +05:30 [INF] ReleaseExpiredEventBookingAsync job started at "2026-06-14T19:51:32.8303030Z". Cutoff time is "2026-06-14T19:46:32.8302950Z".
2026-06-15 01:21:32.847 +05:30 [INF] ReleaseExpiredEventBookingAsync job completed. Total bookings expired: 0.
2026-06-15 01:21:32.847 +05:30 [INF] ReleaseExpiredEventCreationAsync job started at "2026-06-14T19:51:32.8477810Z". Cutoff time is "2026-06-14T19:46:32.8477800Z".
2026-06-15 01:21:32.852 +05:30 [INF] ReleaseExpiredEventCreationAsync job completed. Total events expired: 0.
2026-06-15 01:22:32.863 +05:30 [INF] ReleaseExpiredEventBookingAsync job started at "2026-06-14T19:52:32.8637920Z". Cutoff time is "2026-06-14T19:47:32.8637520Z".
2026-06-15 01:22:32.907 +05:30 [INF] ReleaseExpiredEventBookingAsync job completed. Total bookings expired: 0.
2026-06-15 01:22:32.908 +05:30 [INF] ReleaseExpiredEventCreationAsync job started at "2026-06-14T19:52:32.9084370Z". Cutoff time is "2026-06-14T19:47:32.9084340Z".
2026-06-15 01:22:32.913 +05:30 [INF] ReleaseExpiredEventCreationAsync job completed. Total events expired: 0.
2026-06-15 01:23:32.924 +05:30 [INF] ReleaseExpiredEventBookingAsync job started at "2026-06-14T19:53:32.9244400Z". Cutoff time is "2026-06-14T19:48:32.9244270Z".
2026-06-15 01:23:32.954 +05:30 [INF] ReleaseExpiredEventBookingAsync job completed. Total bookings expired: 0.
2026-06-15 01:23:32.954 +05:30 [INF] ReleaseExpiredEventCreationAsync job started at "2026-06-14T19:53:32.9546970Z". Cutoff time is "2026-06-14T19:48:32.9546930Z".
2026-06-15 01:23:32.961 +05:30 [INF] ReleaseExpiredEventCreationAsync job completed. Total events expired: 0.
2026-06-15 01:24:32.976 +05:30 [INF] ReleaseExpiredEventBookingAsync job started at "2026-06-14T19:54:32.9763270Z". Cutoff time is "2026-06-14T19:49:32.9763040Z".
2026-06-15 01:24:33.015 +05:30 [INF] ReleaseExpiredEventBookingAsync job completed. Total bookings expired: 0.
2026-06-15 01:24:33.017 +05:30 [INF] ReleaseExpiredEventCreationAsync job started at "2026-06-14T19:54:33.0170180Z". Cutoff time is "2026-06-14T19:49:33.0170170Z".
2026-06-15 01:24:33.026 +05:30 [INF] ReleaseExpiredEventCreationAsync job completed. Total events expired: 0.
2026-06-15 01:25:33.116 +05:30 [INF] ReleaseExpiredEventBookingAsync job started at "2026-06-14T19:55:33.1169810Z". Cutoff time is "2026-06-14T19:50:33.1169740Z".
2026-06-15 01:25:33.218 +05:30 [INF] ReleaseExpiredEventBookingAsync job completed. Total bookings expired: 0.
2026-06-15 01:25:33.219 +05:30 [INF] ReleaseExpiredEventCreationAsync job started at "2026-06-14T19:55:33.2196250Z". Cutoff time is "2026-06-14T19:50:33.2196240Z".
2026-06-15 01:25:33.251 +05:30 [INF] ReleaseExpiredEventCreationAsync job completed. Total events expired: 0.
2026-06-15 01:26:33.256 +05:30 [INF] ReleaseExpiredEventBookingAsync job started at "2026-06-14T19:56:33.2561840Z". Cutoff time is "2026-06-14T19:51:33.2561710Z".
2026-06-15 01:26:33.268 +05:30 [INF] ReleaseExpiredEventBookingAsync job completed. Total bookings expired: 0.
2026-06-15 01:26:33.269 +05:30 [INF] ReleaseExpiredEventCreationAsync job started at "2026-06-14T19:56:33.2692000Z". Cutoff time is "2026-06-14T19:51:33.2691990Z".
2026-06-15 01:26:33.274 +05:30 [INF] ReleaseExpiredEventCreationAsync job completed. Total events expired: 0.
2026-06-15 01:27:33.280 +05:30 [INF] ReleaseExpiredEventBookingAsync job started at "2026-06-14T19:57:33.2805780Z". Cutoff time is "2026-06-14T19:52:33.2805540Z".
2026-06-15 01:27:33.308 +05:30 [INF] ReleaseExpiredEventBookingAsync job completed. Total bookings expired: 0.
2026-06-15 01:27:33.308 +05:30 [INF] ReleaseExpiredEventCreationAsync job started at "2026-06-14T19:57:33.3088630Z". Cutoff time is "2026-06-14T19:52:33.3088620Z".
2026-06-15 01:27:33.313 +05:30 [INF] ReleaseExpiredEventCreationAsync job completed. Total events expired: 0.
2026-06-15 01:28:33.343 +05:30 [INF] ReleaseExpiredEventBookingAsync job started at "2026-06-14T19:58:33.3439210Z". Cutoff time is "2026-06-14T19:53:33.3439210Z".
2026-06-15 01:28:33.408 +05:30 [INF] ReleaseExpiredEventBookingAsync job completed. Total bookings expired: 0.
2026-06-15 01:28:33.409 +05:30 [INF] ReleaseExpiredEventCreationAsync job started at "2026-06-14T19:58:33.4094550Z". Cutoff time is "2026-06-14T19:53:33.4094550Z".
2026-06-15 01:28:33.414 +05:30 [INF] ReleaseExpiredEventCreationAsync job completed. Total events expired: 0.
2026-06-15 01:29:33.423 +05:30 [INF] ReleaseExpiredEventBookingAsync job started at "2026-06-14T19:59:33.4231660Z". Cutoff time is "2026-06-14T19:54:33.4231660Z".
2026-06-15 01:29:33.441 +05:30 [INF] ReleaseExpiredEventBookingAsync job completed. Total bookings expired: 0.
2026-06-15 01:29:33.441 +05:30 [INF] ReleaseExpiredEventCreationAsync job started at "2026-06-14T19:59:33.4419610Z". Cutoff time is "2026-06-14T19:54:33.4419610Z".
2026-06-15 01:29:33.446 +05:30 [INF] ReleaseExpiredEventCreationAsync job completed. Total events expired: 0.
2026-06-15 01:30:33.454 +05:30 [INF] ReleaseExpiredEventBookingAsync job started at "2026-06-14T20:00:33.4545850Z". Cutoff time is "2026-06-14T19:55:33.4545850Z".
2026-06-15 01:30:33.472 +05:30 [INF] ReleaseExpiredEventBookingAsync job completed. Total bookings expired: 0.
2026-06-15 01:30:33.473 +05:30 [INF] ReleaseExpiredEventCreationAsync job started at "2026-06-14T20:00:33.4735320Z". Cutoff time is "2026-06-14T19:55:33.4735310Z".
2026-06-15 01:30:33.480 +05:30 [INF] ReleaseExpiredEventCreationAsync job completed. Total events expired: 0.
2026-06-15 01:31:33.490 +05:30 [INF] ReleaseExpiredEventBookingAsync job started at "2026-06-14T20:01:33.4907490Z". Cutoff time is "2026-06-14T19:56:33.4907490Z".
2026-06-15 01:31:33.514 +05:30 [INF] ReleaseExpiredEventBookingAsync job completed. Total bookings expired: 0.
2026-06-15 01:31:33.515 +05:30 [INF] ReleaseExpiredEventCreationAsync job started at "2026-06-14T20:01:33.5152570Z". Cutoff time is "2026-06-14T19:56:33.5152570Z".
2026-06-15 01:31:33.522 +05:30 [INF] ReleaseExpiredEventCreationAsync job completed. Total events expired: 0.
2026-06-15 01:32:33.535 +05:30 [INF] ReleaseExpiredEventBookingAsync job started at "2026-06-14T20:02:33.5355030Z". Cutoff time is "2026-06-14T19:57:33.5355030Z".
2026-06-15 01:32:33.584 +05:30 [INF] ReleaseExpiredEventBookingAsync job completed. Total bookings expired: 0.
2026-06-15 01:32:33.586 +05:30 [INF] ReleaseExpiredEventCreationAsync job started at "2026-06-14T20:02:33.5860560Z". Cutoff time is "2026-06-14T19:57:33.5860560Z".
2026-06-15 01:32:33.597 +05:30 [INF] ReleaseExpiredEventCreationAsync job completed. Total events expired: 0.
2026-06-15 01:33:33.609 +05:30 [INF] ReleaseExpiredEventBookingAsync job started at "2026-06-14T20:03:33.6095860Z". Cutoff time is "2026-06-14T19:58:33.6095860Z".
2026-06-15 01:33:33.665 +05:30 [INF] ReleaseExpiredEventBookingAsync job completed. Total bookings expired: 0.
2026-06-15 01:33:33.666 +05:30 [INF] ReleaseExpiredEventCreationAsync job started at "2026-06-14T20:03:33.6662100Z". Cutoff time is "2026-06-14T19:58:33.6662100Z".
2026-06-15 01:33:33.674 +05:30 [INF] ReleaseExpiredEventCreationAsync job completed. Total events expired: 0.
2026-06-15 01:34:33.688 +05:30 [INF] ReleaseExpiredEventBookingAsync job started at "2026-06-14T20:04:33.6886550Z". Cutoff time is "2026-06-14T19:59:33.6886550Z".
2026-06-15 01:34:33.748 +05:30 [INF] ReleaseExpiredEventBookingAsync job completed. Total bookings expired: 0.
2026-06-15 01:34:33.748 +05:30 [INF] ReleaseExpiredEventCreationAsync job started at "2026-06-14T20:04:33.7485980Z". Cutoff time is "2026-06-14T19:59:33.7485970Z".
2026-06-15 01:34:33.755 +05:30 [INF] ReleaseExpiredEventCreationAsync job completed. Total events expired: 0.
2026-06-15 01:35:33.758 +05:30 [INF] ReleaseExpiredEventBookingAsync job started at "2026-06-14T20:05:33.7584090Z". Cutoff time is "2026-06-14T20:00:33.7584090Z".
2026-06-15 01:35:33.782 +05:30 [INF] ReleaseExpiredEventBookingAsync job completed. Total bookings expired: 0.
2026-06-15 01:35:33.782 +05:30 [INF] ReleaseExpiredEventCreationAsync job started at "2026-06-14T20:05:33.7822750Z". Cutoff time is "2026-06-14T20:00:33.7822750Z".
2026-06-15 01:35:33.785 +05:30 [INF] ReleaseExpiredEventCreationAsync job completed. Total events expired: 0.
2026-06-15 01:36:33.795 +05:30 [INF] ReleaseExpiredEventBookingAsync job started at "2026-06-14T20:06:33.7952420Z". Cutoff time is "2026-06-14T20:01:33.7952420Z".
2026-06-15 01:36:33.822 +05:30 [INF] ReleaseExpiredEventBookingAsync job completed. Total bookings expired: 0.
2026-06-15 01:36:33.822 +05:30 [INF] ReleaseExpiredEventCreationAsync job started at "2026-06-14T20:06:33.8228860Z". Cutoff time is "2026-06-14T20:01:33.8228860Z".
2026-06-15 01:36:33.829 +05:30 [INF] ReleaseExpiredEventCreationAsync job completed. Total events expired: 0.
2026-06-15 01:37:33.847 +05:30 [INF] ReleaseExpiredEventBookingAsync job started at "2026-06-14T20:07:33.8470300Z". Cutoff time is "2026-06-14T20:02:33.8470290Z".
2026-06-15 01:37:33.884 +05:30 [INF] ReleaseExpiredEventBookingAsync job completed. Total bookings expired: 0.
2026-06-15 01:37:33.885 +05:30 [INF] ReleaseExpiredEventCreationAsync job started at "2026-06-14T20:07:33.8850470Z". Cutoff time is "2026-06-14T20:02:33.8850470Z".
2026-06-15 01:37:33.891 +05:30 [INF] ReleaseExpiredEventCreationAsync job completed. Total events expired: 0.
2026-06-15 01:38:33.904 +05:30 [INF] ReleaseExpiredEventBookingAsync job started at "2026-06-14T20:08:33.9046280Z". Cutoff time is "2026-06-14T20:03:33.9046280Z".
2026-06-15 01:38:33.930 +05:30 [INF] ReleaseExpiredEventBookingAsync job completed. Total bookings expired: 0.
2026-06-15 01:38:33.931 +05:30 [INF] ReleaseExpiredEventCreationAsync job started at "2026-06-14T20:08:33.9319380Z". Cutoff time is "2026-06-14T20:03:33.9319380Z".
2026-06-15 01:38:33.943 +05:30 [INF] ReleaseExpiredEventCreationAsync job completed. Total events expired: 0.
2026-06-15 01:39:33.954 +05:30 [INF] ReleaseExpiredEventBookingAsync job started at "2026-06-14T20:09:33.9540620Z". Cutoff time is "2026-06-14T20:04:33.9540610Z".
2026-06-15 01:39:33.983 +05:30 [INF] ReleaseExpiredEventBookingAsync job completed. Total bookings expired: 0.
2026-06-15 01:39:33.984 +05:30 [INF] ReleaseExpiredEventCreationAsync job started at "2026-06-14T20:09:33.9841820Z". Cutoff time is "2026-06-14T20:04:33.9841810Z".
2026-06-15 01:39:33.994 +05:30 [INF] ReleaseExpiredEventCreationAsync job completed. Total events expired: 0.
2026-06-15 01:40:34.000 +05:30 [INF] ReleaseExpiredEventBookingAsync job started at "2026-06-14T20:10:34.0004970Z". Cutoff time is "2026-06-14T20:05:34.0004970Z".
2026-06-15 01:40:34.191 +05:30 [INF] ReleaseExpiredEventBookingAsync job completed. Total bookings expired: 0.
2026-06-15 01:40:34.191 +05:30 [INF] ReleaseExpiredEventCreationAsync job started at "2026-06-14T20:10:34.1918470Z". Cutoff time is "2026-06-14T20:05:34.1918470Z".
2026-06-15 01:40:34.201 +05:30 [INF] ReleaseExpiredEventCreationAsync job completed. Total events expired: 0.
2026-06-15 01:41:34.224 +05:30 [INF] ReleaseExpiredEventBookingAsync job started at "2026-06-14T20:11:34.2245190Z". Cutoff time is "2026-06-14T20:06:34.2245180Z".
2026-06-15 01:41:34.244 +05:30 [INF] ReleaseExpiredEventBookingAsync job completed. Total bookings expired: 0.
2026-06-15 01:41:34.245 +05:30 [INF] ReleaseExpiredEventCreationAsync job started at "2026-06-14T20:11:34.2451480Z". Cutoff time is "2026-06-14T20:06:34.2451480Z".
2026-06-15 01:41:34.253 +05:30 [INF] ReleaseExpiredEventCreationAsync job completed. Total events expired: 0.
2026-06-15 01:42:34.265 +05:30 [INF] ReleaseExpiredEventBookingAsync job started at "2026-06-14T20:12:34.2653770Z". Cutoff time is "2026-06-14T20:07:34.2653770Z".
2026-06-15 01:42:34.342 +05:30 [INF] ReleaseExpiredEventBookingAsync job completed. Total bookings expired: 0.
2026-06-15 01:42:34.343 +05:30 [INF] ReleaseExpiredEventCreationAsync job started at "2026-06-14T20:12:34.3438500Z". Cutoff time is "2026-06-14T20:07:34.3438490Z".
2026-06-15 01:42:34.354 +05:30 [INF] ReleaseExpiredEventCreationAsync job completed. Total events expired: 0.
2026-06-15 01:43:34.358 +05:30 [INF] ReleaseExpiredEventBookingAsync job started at "2026-06-14T20:13:34.3584170Z". Cutoff time is "2026-06-14T20:08:34.3584160Z".
2026-06-15 01:43:34.373 +05:30 [INF] ReleaseExpiredEventBookingAsync job completed. Total bookings expired: 0.
2026-06-15 01:43:34.373 +05:30 [INF] ReleaseExpiredEventCreationAsync job started at "2026-06-14T20:13:34.3735060Z". Cutoff time is "2026-06-14T20:08:34.3735050Z".
2026-06-15 01:43:34.383 +05:30 [INF] ReleaseExpiredEventCreationAsync job completed. Total events expired: 0.
2026-06-15 01:44:34.400 +05:30 [INF] ReleaseExpiredEventBookingAsync job started at "2026-06-14T20:14:34.4002120Z". Cutoff time is "2026-06-14T20:09:34.4002120Z".
2026-06-15 01:44:34.450 +05:30 [INF] ReleaseExpiredEventBookingAsync job completed. Total bookings expired: 0.
2026-06-15 01:44:34.450 +05:30 [INF] ReleaseExpiredEventCreationAsync job started at "2026-06-14T20:14:34.4505870Z". Cutoff time is "2026-06-14T20:09:34.4505870Z".
2026-06-15 01:44:34.456 +05:30 [INF] ReleaseExpiredEventCreationAsync job completed. Total events expired: 0.
2026-06-15 01:45:34.479 +05:30 [INF] ReleaseExpiredEventBookingAsync job started at "2026-06-14T20:15:34.4790820Z". Cutoff time is "2026-06-14T20:10:34.4790820Z".
2026-06-15 01:45:34.501 +05:30 [INF] ReleaseExpiredEventBookingAsync job completed. Total bookings expired: 0.
2026-06-15 01:45:34.501 +05:30 [INF] ReleaseExpiredEventCreationAsync job started at "2026-06-14T20:15:34.5018290Z". Cutoff time is "2026-06-14T20:10:34.5018290Z".
2026-06-15 01:45:34.506 +05:30 [INF] ReleaseExpiredEventCreationAsync job completed. Total events expired: 0.
2026-06-15 01:46:34.515 +05:30 [INF] ReleaseExpiredEventBookingAsync job started at "2026-06-14T20:16:34.5151210Z". Cutoff time is "2026-06-14T20:11:34.5151210Z".
2026-06-15 01:46:34.534 +05:30 [INF] ReleaseExpiredEventBookingAsync job completed. Total bookings expired: 0.
2026-06-15 01:46:34.535 +05:30 [INF] ReleaseExpiredEventCreationAsync job started at "2026-06-14T20:16:34.5355000Z". Cutoff time is "2026-06-14T20:11:34.5355000Z".
2026-06-15 01:46:34.543 +05:30 [INF] ReleaseExpiredEventCreationAsync job completed. Total events expired: 0.
2026-06-15 01:47:34.550 +05:30 [INF] ReleaseExpiredEventBookingAsync job started at "2026-06-14T20:17:34.5504120Z". Cutoff time is "2026-06-14T20:12:34.5504120Z".
2026-06-15 01:47:34.589 +05:30 [INF] ReleaseExpiredEventBookingAsync job completed. Total bookings expired: 0.
2026-06-15 01:47:34.590 +05:30 [INF] ReleaseExpiredEventCreationAsync job started at "2026-06-14T20:17:34.5901140Z". Cutoff time is "2026-06-14T20:12:34.5901140Z".
2026-06-15 01:47:34.598 +05:30 [INF] ReleaseExpiredEventCreationAsync job completed. Total events expired: 0.
2026-06-15 01:48:34.604 +05:30 [INF] ReleaseExpiredEventBookingAsync job started at "2026-06-14T20:18:34.6044530Z". Cutoff time is "2026-06-14T20:13:34.6044530Z".
2026-06-15 01:48:34.621 +05:30 [INF] ReleaseExpiredEventBookingAsync job completed. Total bookings expired: 0.
2026-06-15 01:48:34.622 +05:30 [INF] ReleaseExpiredEventCreationAsync job started at "2026-06-14T20:18:34.6223120Z". Cutoff time is "2026-06-14T20:13:34.6223120Z".
2026-06-15 01:48:34.628 +05:30 [INF] ReleaseExpiredEventCreationAsync job completed. Total events expired: 0.
2026-06-15 01:49:34.636 +05:30 [INF] ReleaseExpiredEventBookingAsync job started at "2026-06-14T20:19:34.6365810Z". Cutoff time is "2026-06-14T20:14:34.6365810Z".
2026-06-15 01:49:34.657 +05:30 [INF] ReleaseExpiredEventBookingAsync job completed. Total bookings expired: 0.
2026-06-15 01:49:34.658 +05:30 [INF] ReleaseExpiredEventCreationAsync job started at "2026-06-14T20:19:34.6582350Z". Cutoff time is "2026-06-14T20:14:34.6582350Z".
2026-06-15 01:49:34.666 +05:30 [INF] ReleaseExpiredEventCreationAsync job completed. Total events expired: 0.
2026-06-15 01:50:34.669 +05:30 [INF] ReleaseExpiredEventBookingAsync job started at "2026-06-14T20:20:34.6695230Z". Cutoff time is "2026-06-14T20:15:34.6695230Z".
2026-06-15 01:50:34.681 +05:30 [INF] ReleaseExpiredEventBookingAsync job completed. Total bookings expired: 0.
2026-06-15 01:50:34.682 +05:30 [INF] ReleaseExpiredEventCreationAsync job started at "2026-06-14T20:20:34.6826200Z". Cutoff time is "2026-06-14T20:15:34.6826190Z".
2026-06-15 01:50:34.696 +05:30 [INF] ReleaseExpiredEventCreationAsync job completed. Total events expired: 0.
2026-06-15 01:51:34.704 +05:30 [INF] ReleaseExpiredEventBookingAsync job started at "2026-06-14T20:21:34.7043680Z". Cutoff time is "2026-06-14T20:16:34.7043680Z".
2026-06-15 01:51:34.721 +05:30 [INF] ReleaseExpiredEventBookingAsync job completed. Total bookings expired: 0.
2026-06-15 01:51:34.721 +05:30 [INF] ReleaseExpiredEventCreationAsync job started at "2026-06-14T20:21:34.7216490Z". Cutoff time is "2026-06-14T20:16:34.7216490Z".
2026-06-15 01:51:34.732 +05:30 [INF] ReleaseExpiredEventCreationAsync job completed. Total events expired: 0.
2026-06-15 01:52:34.739 +05:30 [INF] ReleaseExpiredEventBookingAsync job started at "2026-06-14T20:22:34.7394070Z". Cutoff time is "2026-06-14T20:17:34.7394070Z".
2026-06-15 01:52:34.809 +05:30 [INF] ReleaseExpiredEventBookingAsync job completed. Total bookings expired: 0.
2026-06-15 01:52:34.809 +05:30 [INF] ReleaseExpiredEventCreationAsync job started at "2026-06-14T20:22:34.8096510Z". Cutoff time is "2026-06-14T20:17:34.8096510Z".
2026-06-15 01:52:34.815 +05:30 [INF] ReleaseExpiredEventCreationAsync job completed. Total events expired: 0.
2026-06-15 01:53:34.830 +05:30 [INF] ReleaseExpiredEventBookingAsync job started at "2026-06-14T20:23:34.8307530Z". Cutoff time is "2026-06-14T20:18:34.8307530Z".
2026-06-15 01:53:34.866 +05:30 [INF] ReleaseExpiredEventBookingAsync job completed. Total bookings expired: 0.
2026-06-15 01:53:34.866 +05:30 [INF] ReleaseExpiredEventCreationAsync job started at "2026-06-14T20:23:34.8668750Z". Cutoff time is "2026-06-14T20:18:34.8668750Z".
2026-06-15 01:53:34.875 +05:30 [INF] ReleaseExpiredEventCreationAsync job completed. Total events expired: 0.
2026-06-15 01:54:34.884 +05:30 [INF] ReleaseExpiredEventBookingAsync job started at "2026-06-14T20:24:34.8848770Z". Cutoff time is "2026-06-14T20:19:34.8848770Z".
2026-06-15 01:54:34.921 +05:30 [INF] ReleaseExpiredEventBookingAsync job completed. Total bookings expired: 0.
2026-06-15 01:54:34.922 +05:30 [INF] ReleaseExpiredEventCreationAsync job started at "2026-06-14T20:24:34.9223350Z". Cutoff time is "2026-06-14T20:19:34.9223350Z".
2026-06-15 01:54:34.931 +05:30 [INF] ReleaseExpiredEventCreationAsync job completed. Total events expired: 0.
2026-06-15 01:55:34.944 +05:30 [INF] ReleaseExpiredEventBookingAsync job started at "2026-06-14T20:25:34.9448580Z". Cutoff time is "2026-06-14T20:20:34.9448580Z".
2026-06-15 01:55:34.972 +05:30 [INF] ReleaseExpiredEventBookingAsync job completed. Total bookings expired: 0.
2026-06-15 01:55:34.972 +05:30 [INF] ReleaseExpiredEventCreationAsync job started at "2026-06-14T20:25:34.9727690Z". Cutoff time is "2026-06-14T20:20:34.9727690Z".
2026-06-15 01:55:34.980 +05:30 [INF] ReleaseExpiredEventCreationAsync job completed. Total events expired: 0.
2026-06-15 01:56:34.993 +05:30 [INF] ReleaseExpiredEventBookingAsync job started at "2026-06-14T20:26:34.9930630Z". Cutoff time is "2026-06-14T20:21:34.9930630Z".
2026-06-15 01:56:35.013 +05:30 [INF] ReleaseExpiredEventBookingAsync job completed. Total bookings expired: 0.
2026-06-15 01:56:35.015 +05:30 [INF] ReleaseExpiredEventCreationAsync job started at "2026-06-14T20:26:35.0152080Z". Cutoff time is "2026-06-14T20:21:35.0152080Z".
2026-06-15 01:56:35.023 +05:30 [INF] ReleaseExpiredEventCreationAsync job completed. Total events expired: 0.
2026-06-15 01:57:35.031 +05:30 [INF] ReleaseExpiredEventBookingAsync job started at "2026-06-14T20:27:35.0314460Z". Cutoff time is "2026-06-14T20:22:35.0314460Z".
2026-06-15 01:57:35.073 +05:30 [INF] ReleaseExpiredEventBookingAsync job completed. Total bookings expired: 0.
2026-06-15 01:57:35.074 +05:30 [INF] ReleaseExpiredEventCreationAsync job started at "2026-06-14T20:27:35.0743310Z". Cutoff time is "2026-06-14T20:22:35.0743300Z".
2026-06-15 01:57:35.083 +05:30 [INF] ReleaseExpiredEventCreationAsync job completed. Total events expired: 0.
2026-06-15 01:58:35.094 +05:30 [INF] ReleaseExpiredEventBookingAsync job started at "2026-06-14T20:28:35.0947570Z". Cutoff time is "2026-06-14T20:23:35.0947570Z".
2026-06-15 01:58:35.116 +05:30 [INF] ReleaseExpiredEventBookingAsync job completed. Total bookings expired: 0.
2026-06-15 01:58:35.117 +05:30 [INF] ReleaseExpiredEventCreationAsync job started at "2026-06-14T20:28:35.1175610Z". Cutoff time is "2026-06-14T20:23:35.1175610Z".
2026-06-15 01:58:35.124 +05:30 [INF] ReleaseExpiredEventCreationAsync job completed. Total events expired: 0.
2026-06-15 01:59:35.131 +05:30 [INF] ReleaseExpiredEventBookingAsync job started at "2026-06-14T20:29:35.1314320Z". Cutoff time is "2026-06-14T20:24:35.1314320Z".
2026-06-15 01:59:35.146 +05:30 [INF] ReleaseExpiredEventBookingAsync job completed. Total bookings expired: 0.
2026-06-15 01:59:35.147 +05:30 [INF] ReleaseExpiredEventCreationAsync job started at "2026-06-14T20:29:35.1471230Z". Cutoff time is "2026-06-14T20:24:35.1471230Z".
2026-06-15 01:59:35.151 +05:30 [INF] ReleaseExpiredEventCreationAsync job completed. Total events expired: 0.
2026-06-15 02:00:35.159 +05:30 [INF] ReleaseExpiredEventBookingAsync job started at "2026-06-14T20:30:35.1599760Z". Cutoff time is "2026-06-14T20:25:35.1599760Z".
2026-06-15 02:00:35.182 +05:30 [INF] ReleaseExpiredEventBookingAsync job completed. Total bookings expired: 0.
2026-06-15 02:00:35.182 +05:30 [INF] ReleaseExpiredEventCreationAsync job started at "2026-06-14T20:30:35.1828630Z". Cutoff time is "2026-06-14T20:25:35.1828630Z".
2026-06-15 02:00:35.192 +05:30 [INF] ReleaseExpiredEventCreationAsync job completed. Total events expired: 0.
2026-06-15 02:01:35.208 +05:30 [INF] ReleaseExpiredEventBookingAsync job started at "2026-06-14T20:31:35.2080100Z". Cutoff time is "2026-06-14T20:26:35.2080100Z".
2026-06-15 02:01:35.231 +05:30 [INF] ReleaseExpiredEventBookingAsync job completed. Total bookings expired: 0.
2026-06-15 02:01:35.231 +05:30 [INF] ReleaseExpiredEventCreationAsync job started at "2026-06-14T20:31:35.2319430Z". Cutoff time is "2026-06-14T20:26:35.2319430Z".
2026-06-15 02:01:35.239 +05:30 [INF] ReleaseExpiredEventCreationAsync job completed. Total events expired: 0.
2026-06-15 02:02:35.250 +05:30 [INF] ReleaseExpiredEventBookingAsync job started at "2026-06-14T20:32:35.2509430Z". Cutoff time is "2026-06-14T20:27:35.2509430Z".
2026-06-15 02:02:35.326 +05:30 [INF] ReleaseExpiredEventBookingAsync job completed. Total bookings expired: 0.
2026-06-15 02:02:35.327 +05:30 [INF] ReleaseExpiredEventCreationAsync job started at "2026-06-14T20:32:35.3270560Z". Cutoff time is "2026-06-14T20:27:35.3270560Z".
2026-06-15 02:02:35.334 +05:30 [INF] ReleaseExpiredEventCreationAsync job completed. Total events expired: 0.
2026-06-15 02:03:35.350 +05:30 [INF] ReleaseExpiredEventBookingAsync job started at "2026-06-14T20:33:35.3503750Z". Cutoff time is "2026-06-14T20:28:35.3503750Z".
2026-06-15 02:03:35.385 +05:30 [INF] ReleaseExpiredEventBookingAsync job completed. Total bookings expired: 0.
2026-06-15 02:03:35.385 +05:30 [INF] ReleaseExpiredEventCreationAsync job started at "2026-06-14T20:33:35.3857600Z". Cutoff time is "2026-06-14T20:28:35.3857600Z".
2026-06-15 02:03:35.394 +05:30 [INF] ReleaseExpiredEventCreationAsync job completed. Total events expired: 0.
2026-06-15 02:04:35.401 +05:30 [INF] ReleaseExpiredEventBookingAsync job started at "2026-06-14T20:34:35.4019090Z". Cutoff time is "2026-06-14T20:29:35.4019080Z".
2026-06-15 02:04:35.417 +05:30 [INF] ReleaseExpiredEventBookingAsync job completed. Total bookings expired: 0.
2026-06-15 02:04:35.417 +05:30 [INF] ReleaseExpiredEventCreationAsync job started at "2026-06-14T20:34:35.4179750Z". Cutoff time is "2026-06-14T20:29:35.4179750Z".
2026-06-15 02:04:35.423 +05:30 [INF] ReleaseExpiredEventCreationAsync job completed. Total events expired: 0.
2026-06-15 02:05:35.433 +05:30 [INF] ReleaseExpiredEventBookingAsync job started at "2026-06-14T20:35:35.4330790Z". Cutoff time is "2026-06-14T20:30:35.4330790Z".
2026-06-15 02:05:35.452 +05:30 [INF] ReleaseExpiredEventBookingAsync job completed. Total bookings expired: 0.
2026-06-15 02:05:35.453 +05:30 [INF] ReleaseExpiredEventCreationAsync job started at "2026-06-14T20:35:35.4536810Z". Cutoff time is "2026-06-14T20:30:35.4536810Z".
2026-06-15 02:05:35.463 +05:30 [INF] ReleaseExpiredEventCreationAsync job completed. Total events expired: 0.
2026-06-15 02:06:35.474 +05:30 [INF] ReleaseExpiredEventBookingAsync job started at "2026-06-14T20:36:35.4746920Z". Cutoff time is "2026-06-14T20:31:35.4746920Z".
2026-06-15 02:06:35.535 +05:30 [INF] ReleaseExpiredEventBookingAsync job completed. Total bookings expired: 0.
2026-06-15 02:06:35.536 +05:30 [INF] ReleaseExpiredEventCreationAsync job started at "2026-06-14T20:36:35.5364600Z". Cutoff time is "2026-06-14T20:31:35.5364600Z".
2026-06-15 02:06:35.545 +05:30 [INF] ReleaseExpiredEventCreationAsync job completed. Total events expired: 0.
2026-06-15 02:07:35.558 +05:30 [INF] ReleaseExpiredEventBookingAsync job started at "2026-06-14T20:37:35.5580400Z". Cutoff time is "2026-06-14T20:32:35.5580400Z".
2026-06-15 02:07:35.642 +05:30 [INF] ReleaseExpiredEventBookingAsync job completed. Total bookings expired: 0.
2026-06-15 02:07:35.643 +05:30 [INF] ReleaseExpiredEventCreationAsync job started at "2026-06-14T20:37:35.6439350Z". Cutoff time is "2026-06-14T20:32:35.6439350Z".
2026-06-15 02:07:35.653 +05:30 [INF] ReleaseExpiredEventCreationAsync job completed. Total events expired: 0.
2026-06-15 02:08:35.663 +05:30 [INF] ReleaseExpiredEventBookingAsync job started at "2026-06-14T20:38:35.6639840Z". Cutoff time is "2026-06-14T20:33:35.6639840Z".
2026-06-15 02:08:35.712 +05:30 [INF] ReleaseExpiredEventBookingAsync job completed. Total bookings expired: 0.
2026-06-15 02:08:35.713 +05:30 [INF] ReleaseExpiredEventCreationAsync job started at "2026-06-14T20:38:35.7132860Z". Cutoff time is "2026-06-14T20:33:35.7132860Z".
2026-06-15 02:08:35.721 +05:30 [INF] ReleaseExpiredEventCreationAsync job completed. Total events expired: 0.
2026-06-15 02:12:26.703 +05:30 [INF] ReleaseExpiredEventBookingAsync job started at "2026-06-14T20:42:26.7028540Z". Cutoff time is "2026-06-14T20:37:26.7028500Z".
2026-06-15 02:12:27.051 +05:30 [INF] ReleaseExpiredEventBookingAsync job completed. Total bookings expired: 0.
2026-06-15 02:12:27.052 +05:30 [INF] ReleaseExpiredEventCreationAsync job started at "2026-06-14T20:42:27.0524670Z". Cutoff time is "2026-06-14T20:37:27.0524670Z".
2026-06-15 02:12:27.066 +05:30 [INF] ReleaseExpiredEventCreationAsync job completed. Total events expired: 0.
2026-06-15 02:13:27.160 +05:30 [INF] ReleaseExpiredEventBookingAsync job started at "2026-06-14T20:43:27.1604660Z". Cutoff time is "2026-06-14T20:38:27.1604590Z".
2026-06-15 02:13:27.205 +05:30 [INF] ReleaseExpiredEventBookingAsync job completed. Total bookings expired: 0.
2026-06-15 02:13:27.206 +05:30 [INF] ReleaseExpiredEventCreationAsync job started at "2026-06-14T20:43:27.2060810Z". Cutoff time is "2026-06-14T20:38:27.2060810Z".
2026-06-15 02:13:27.211 +05:30 [INF] ReleaseExpiredEventCreationAsync job completed. Total events expired: 0.
2026-06-15 02:14:27.219 +05:30 [INF] ReleaseExpiredEventBookingAsync job started at "2026-06-14T20:44:27.2194030Z". Cutoff time is "2026-06-14T20:39:27.2194020Z".
2026-06-15 02:14:27.232 +05:30 [INF] ReleaseExpiredEventBookingAsync job completed. Total bookings expired: 0.
2026-06-15 02:14:27.233 +05:30 [INF] ReleaseExpiredEventCreationAsync job started at "2026-06-14T20:44:27.2339050Z". Cutoff time is "2026-06-14T20:39:27.2339040Z".
2026-06-15 02:14:27.243 +05:30 [INF] ReleaseExpiredEventCreationAsync job completed. Total events expired: 0.
2026-06-15 02:15:27.257 +05:30 [INF] ReleaseExpiredEventBookingAsync job started at "2026-06-14T20:45:27.2577340Z". Cutoff time is "2026-06-14T20:40:27.2577270Z".
2026-06-15 02:15:27.286 +05:30 [INF] ReleaseExpiredEventBookingAsync job completed. Total bookings expired: 0.
2026-06-15 02:15:27.286 +05:30 [INF] ReleaseExpiredEventCreationAsync job started at "2026-06-14T20:45:27.2868130Z". Cutoff time is "2026-06-14T20:40:27.2868120Z".
2026-06-15 02:15:27.294 +05:30 [INF] ReleaseExpiredEventCreationAsync job completed. Total events expired: 0.
2026-06-15 02:16:27.309 +05:30 [INF] ReleaseExpiredEventBookingAsync job started at "2026-06-14T20:46:27.3090960Z". Cutoff time is "2026-06-14T20:41:27.3090860Z".
2026-06-15 02:16:27.333 +05:30 [INF] ReleaseExpiredEventBookingAsync job completed. Total bookings expired: 0.
2026-06-15 02:16:27.334 +05:30 [INF] ReleaseExpiredEventCreationAsync job started at "2026-06-14T20:46:27.3343360Z". Cutoff time is "2026-06-14T20:41:27.3343350Z".
2026-06-15 02:16:27.350 +05:30 [INF] ReleaseExpiredEventCreationAsync job completed. Total events expired: 0.
2026-06-15 02:17:27.360 +05:30 [INF] ReleaseExpiredEventBookingAsync job started at "2026-06-14T20:47:27.3605760Z". Cutoff time is "2026-06-14T20:42:27.3605660Z".
2026-06-15 02:17:27.411 +05:30 [INF] ReleaseExpiredEventBookingAsync job completed. Total bookings expired: 0.
2026-06-15 02:17:27.412 +05:30 [INF] ReleaseExpiredEventCreationAsync job started at "2026-06-14T20:47:27.4123730Z". Cutoff time is "2026-06-14T20:42:27.4123720Z".
2026-06-15 02:17:27.425 +05:30 [INF] ReleaseExpiredEventCreationAsync job completed. Total events expired: 0.
2026-06-15 02:18:27.437 +05:30 [INF] ReleaseExpiredEventBookingAsync job started at "2026-06-14T20:48:27.4378210Z". Cutoff time is "2026-06-14T20:43:27.4378100Z".
2026-06-15 02:18:27.473 +05:30 [INF] ReleaseExpiredEventBookingAsync job completed. Total bookings expired: 0.
2026-06-15 02:18:27.474 +05:30 [INF] ReleaseExpiredEventCreationAsync job started at "2026-06-14T20:48:27.4747580Z". Cutoff time is "2026-06-14T20:43:27.4747580Z".
2026-06-15 02:18:27.487 +05:30 [INF] ReleaseExpiredEventCreationAsync job completed. Total events expired: 0.
2026-06-15 02:19:27.499 +05:30 [INF] ReleaseExpiredEventBookingAsync job started at "2026-06-14T20:49:27.4997850Z". Cutoff time is "2026-06-14T20:44:27.4997790Z".
2026-06-15 02:19:27.538 +05:30 [INF] ReleaseExpiredEventBookingAsync job completed. Total bookings expired: 0.
2026-06-15 02:19:27.539 +05:30 [INF] ReleaseExpiredEventCreationAsync job started at "2026-06-14T20:49:27.5390240Z". Cutoff time is "2026-06-14T20:44:27.5390230Z".
2026-06-15 02:19:27.547 +05:30 [INF] ReleaseExpiredEventCreationAsync job completed. Total events expired: 0.
2026-06-15 02:20:27.558 +05:30 [INF] ReleaseExpiredEventBookingAsync job started at "2026-06-14T20:50:27.5582330Z". Cutoff time is "2026-06-14T20:45:27.5582190Z".
2026-06-15 02:20:27.611 +05:30 [INF] ReleaseExpiredEventBookingAsync job completed. Total bookings expired: 0.
2026-06-15 02:20:27.611 +05:30 [INF] ReleaseExpiredEventCreationAsync job started at "2026-06-14T20:50:27.6116970Z". Cutoff time is "2026-06-14T20:45:27.6116970Z".
2026-06-15 02:20:27.619 +05:30 [INF] ReleaseExpiredEventCreationAsync job completed. Total events expired: 0.
2026-06-15 02:21:27.630 +05:30 [INF] ReleaseExpiredEventBookingAsync job started at "2026-06-14T20:51:27.6300820Z". Cutoff time is "2026-06-14T20:46:27.6300770Z".
2026-06-15 02:21:27.722 +05:30 [INF] ReleaseExpiredEventBookingAsync job completed. Total bookings expired: 0.
2026-06-15 02:21:27.723 +05:30 [INF] ReleaseExpiredEventCreationAsync job started at "2026-06-14T20:51:27.7230110Z". Cutoff time is "2026-06-14T20:46:27.7230100Z".
2026-06-15 02:21:27.728 +05:30 [INF] ReleaseExpiredEventCreationAsync job completed. Total events expired: 0.
2026-06-15 02:22:12.153 +05:30 [INF] ReleaseExpiredEventBookingAsync job started at "2026-06-14T20:52:12.1535590Z". Cutoff time is "2026-06-14T20:47:12.1535590Z".
2026-06-15 02:22:12.519 +05:30 [INF] ReleaseExpiredEventBookingAsync job completed. Total bookings expired: 0.
2026-06-15 02:22:12.521 +05:30 [INF] ReleaseExpiredEventCreationAsync job started at "2026-06-14T20:52:12.5211550Z". Cutoff time is "2026-06-14T20:47:12.5211550Z".
2026-06-15 02:22:12.534 +05:30 [INF] ReleaseExpiredEventCreationAsync job completed. Total events expired: 0.
2026-06-15 02:23:12.551 +05:30 [INF] ReleaseExpiredEventBookingAsync job started at "2026-06-14T20:53:12.5515810Z". Cutoff time is "2026-06-14T20:48:12.5515740Z".
2026-06-15 02:23:12.578 +05:30 [INF] ReleaseExpiredEventBookingAsync job completed. Total bookings expired: 0.
2026-06-15 02:23:12.579 +05:30 [INF] ReleaseExpiredEventCreationAsync job started at "2026-06-14T20:53:12.5793870Z". Cutoff time is "2026-06-14T20:48:12.5793860Z".
2026-06-15 02:23:12.589 +05:30 [INF] ReleaseExpiredEventCreationAsync job completed. Total events expired: 0.
2026-06-15 02:24:12.623 +05:30 [INF] ReleaseExpiredEventBookingAsync job started at "2026-06-14T20:54:12.6237080Z". Cutoff time is "2026-06-14T20:49:12.6236810Z".
2026-06-15 02:24:12.639 +05:30 [INF] ReleaseExpiredEventBookingAsync job completed. Total bookings expired: 0.
2026-06-15 02:24:12.640 +05:30 [INF] ReleaseExpiredEventCreationAsync job started at "2026-06-14T20:54:12.6400560Z". Cutoff time is "2026-06-14T20:49:12.6400540Z".
2026-06-15 02:24:12.645 +05:30 [INF] ReleaseExpiredEventCreationAsync job completed. Total events expired: 0.
2026-06-15 02:25:12.663 +05:30 [INF] ReleaseExpiredEventBookingAsync job started at "2026-06-14T20:55:12.6633910Z". Cutoff time is "2026-06-14T20:50:12.6633800Z".
2026-06-15 02:25:12.736 +05:30 [INF] ReleaseExpiredEventBookingAsync job completed. Total bookings expired: 0.
2026-06-15 02:25:12.737 +05:30 [INF] ReleaseExpiredEventCreationAsync job started at "2026-06-14T20:55:12.7374640Z". Cutoff time is "2026-06-14T20:50:12.7374640Z".
2026-06-15 02:25:12.744 +05:30 [INF] ReleaseExpiredEventCreationAsync job completed. Total events expired: 0.
2026-06-15 02:26:12.759 +05:30 [INF] ReleaseExpiredEventBookingAsync job started at "2026-06-14T20:56:12.7594910Z". Cutoff time is "2026-06-14T20:51:12.7594810Z".
2026-06-15 02:26:12.802 +05:30 [INF] ReleaseExpiredEventBookingAsync job completed. Total bookings expired: 0.
2026-06-15 02:26:12.802 +05:30 [INF] ReleaseExpiredEventCreationAsync job started at "2026-06-14T20:56:12.8029160Z". Cutoff time is "2026-06-14T20:51:12.8029150Z".
2026-06-15 02:26:12.808 +05:30 [INF] ReleaseExpiredEventCreationAsync job completed. Total events expired: 0.
2026-06-15 02:27:12.823 +05:30 [INF] ReleaseExpiredEventBookingAsync job started at "2026-06-14T20:57:12.8238990Z". Cutoff time is "2026-06-14T20:52:12.8238880Z".
2026-06-15 02:27:12.870 +05:30 [INF] ReleaseExpiredEventBookingAsync job completed. Total bookings expired: 0.
2026-06-15 02:27:12.871 +05:30 [INF] ReleaseExpiredEventCreationAsync job started at "2026-06-14T20:57:12.8711940Z". Cutoff time is "2026-06-14T20:52:12.8711930Z".
2026-06-15 02:27:12.882 +05:30 [INF] ReleaseExpiredEventCreationAsync job completed. Total events expired: 0.
2026-06-15 02:28:12.899 +05:30 [INF] ReleaseExpiredEventBookingAsync job started at "2026-06-14T20:58:12.8993410Z". Cutoff time is "2026-06-14T20:53:12.8993350Z".
2026-06-15 02:28:12.929 +05:30 [INF] ReleaseExpiredEventBookingAsync job completed. Total bookings expired: 0.
2026-06-15 02:28:12.930 +05:30 [INF] ReleaseExpiredEventCreationAsync job started at "2026-06-14T20:58:12.9301980Z". Cutoff time is "2026-06-14T20:53:12.9301970Z".
2026-06-15 02:28:12.935 +05:30 [INF] ReleaseExpiredEventCreationAsync job completed. Total events expired: 0.
2026-06-15 02:29:12.944 +05:30 [INF] ReleaseExpiredEventBookingAsync job started at "2026-06-14T20:59:12.9447370Z". Cutoff time is "2026-06-14T20:54:12.9447300Z".
2026-06-15 02:29:12.976 +05:30 [INF] ReleaseExpiredEventBookingAsync job completed. Total bookings expired: 0.
2026-06-15 02:29:12.977 +05:30 [INF] ReleaseExpiredEventCreationAsync job started at "2026-06-14T20:59:12.9772860Z". Cutoff time is "2026-06-14T20:54:12.9772850Z".
2026-06-15 02:29:12.987 +05:30 [INF] ReleaseExpiredEventCreationAsync job completed. Total events expired: 0.
2026-06-15 02:30:12.999 +05:30 [INF] ReleaseExpiredEventBookingAsync job started at "2026-06-14T21:00:12.9992380Z". Cutoff time is "2026-06-14T20:55:12.9992260Z".
2026-06-15 02:30:13.017 +05:30 [INF] ReleaseExpiredEventBookingAsync job completed. Total bookings expired: 0.
2026-06-15 02:30:13.018 +05:30 [INF] ReleaseExpiredEventCreationAsync job started at "2026-06-14T21:00:13.0185680Z". Cutoff time is "2026-06-14T20:55:13.0185670Z".
2026-06-15 02:30:13.025 +05:30 [INF] ReleaseExpiredEventCreationAsync job completed. Total events expired: 0.
2026-06-15 02:31:05.029 +05:30 [INF] ReleaseExpiredEventBookingAsync job started at "2026-06-14T21:01:05.0296380Z". Cutoff time is "2026-06-14T20:56:05.0296370Z".
2026-06-15 02:31:05.392 +05:30 [INF] ReleaseExpiredEventBookingAsync job completed. Total bookings expired: 0.
2026-06-15 02:31:05.393 +05:30 [INF] ReleaseExpiredEventCreationAsync job started at "2026-06-14T21:01:05.3938720Z". Cutoff time is "2026-06-14T20:56:05.3938720Z".
2026-06-15 02:31:05.406 +05:30 [INF] ReleaseExpiredEventCreationAsync job completed. Total events expired: 0.
2026-06-15 02:32:05.441 +05:30 [INF] ReleaseExpiredEventBookingAsync job started at "2026-06-14T21:02:05.4415130Z". Cutoff time is "2026-06-14T20:57:05.4415020Z".
2026-06-15 02:32:05.462 +05:30 [INF] ReleaseExpiredEventBookingAsync job completed. Total bookings expired: 0.
2026-06-15 02:32:05.463 +05:30 [INF] ReleaseExpiredEventCreationAsync job started at "2026-06-14T21:02:05.4631660Z". Cutoff time is "2026-06-14T20:57:05.4631650Z".
2026-06-15 02:32:05.469 +05:30 [INF] ReleaseExpiredEventCreationAsync job completed. Total events expired: 0.
2026-06-15 02:33:05.495 +05:30 [INF] ReleaseExpiredEventBookingAsync job started at "2026-06-14T21:03:05.4950150Z". Cutoff time is "2026-06-14T20:58:05.4950060Z".
2026-06-15 02:33:05.525 +05:30 [INF] ReleaseExpiredEventBookingAsync job completed. Total bookings expired: 0.
2026-06-15 02:33:05.525 +05:30 [INF] ReleaseExpiredEventCreationAsync job started at "2026-06-14T21:03:05.5257700Z". Cutoff time is "2026-06-14T20:58:05.5257680Z".
2026-06-15 02:33:05.532 +05:30 [INF] ReleaseExpiredEventCreationAsync job completed. Total events expired: 0.
